A180AG.exe
A180CM.exe
A180RS.exe
A180WD.exe
AgentService.exe
ai.exe
AppHelperCap.exe
AppVShNotify.exe
BESClient.exe
BESClientRepair.exe
BridgeCommunication.exe
CcmExec.exe
ClientHealthEval.exe
CompatTelRunner.exe
Cortana.exe
DataExchangeHost.exe
DeviceEnroller.exe
DiagsCap.exe
esrv.exe
esrv_svc.exe
FMService64.exe
GameBar.exe
GameBarFTServer.exe
gpupdate.exe
HelpPane.exe
HxTsr.exe
IntelSMAgent.exe
it-agent.exe
it-agent-delegator.exe
it-autoupdate-service.exe
it-utility.exe
it-servicecontroller.exe
LockApp.exe
Microsoft.Management.Services.IntuneWindowsAgent.exe
MicrosoftEdgeUpdate.exe
MicrosoftSearchInBing.exe
mofcomp.exe
MoUsoCoreWorker.exe
#msedgewebview2.exe
NetworkCap.exe
#OfficeClickToRun.exe
omadmclient.exe
omadmprc.exe
ONENOTEM.EXE
PFERemediation.exe
PhoneExperienceHost.exe
PIconStartup.exe
PilotshubApp.exe
policyHost.exe
SCNotification.exe
SearchFilterHost.exe
SearchHost.exe
SearchIndexer.exe
SearchProtocolHost.exe
SecurityHealthService.exe
smartscreen.exe
sppsvc.exe
StartAllBackCfg.exe
SurSvc.exe
SysInfoCap.exe
TabTip.exe
TextInputHost.exe
uhssvc.exe
unsecapp.exe
UserOOBEBroker.exe
Video.UI.exe
vpncli.exe
WaaSMedicAgent.exe
WebExperienceHostApp.exe
Widgets.exe
WidgetService.exe
WinStore.App.exe
WMIADAP.exe
WmiApSrv.exe

#ShellExperienceHost.exe
#SystemSettings.exe
#SystemSettingsBroker.exe

#WmiPrvSE.exe

#TiWorker.exe
#TrustedInstaller.exe
#msiexec.exe

wuauclt.exe

CompanyPortal.exe
ConfigurationManagerBridge.exe
IntuneManagementExtensionBridge.exe
